Questionable use of curly braces in "r2_lp n002 n008 {mc(1227.94,tol)}"
    Error: undefined symbol in: "mc(1227.94,[tol])"
Questionable use of curly braces in "r1_lp n007 n002 {mc(12939,tol)}"
    Error: undefined symbol in: "mc(12939,[tol])"
Questionable use of curly braces in "c1_lp n008 0 {mc(100n,tol)}"
    Error: undefined symbol in: "mc(100n,[tol])"
Questionable use of curly braces in "c2_lp n003 n002 {mc(100n,tol)}"
    Error: undefined symbol in: "mc(100n,[tol])"
Questionable use of curly braces in "c1_hp n003 n004 {mc(1u,tol)}"
    Error: undefined symbol in: "mc(1u,[tol])"
Questionable use of curly braces in "c2_hp n004 n009 {mc(1u,tol)}"
    Error: undefined symbol in: "mc(1u,[tol])"
Questionable use of curly braces in "r1_hp vo n004 {mc(40.34,tol)}"
    Error: undefined symbol in: "mc(40.34,[tol])"
Questionable use of curly braces in "r2_hp n009 0 {mc(1054.85,tol)}"
    Error: undefined symbol in: "mc(1054.85,[tol])"
Questionable use of curly braces in "r5 0 n002 {mc(1356,tol)}"
    Error: undefined symbol in: "mc(1356,[tol])"
Questionable use of curly braces in "r1 n010 0 {mc(621.5,tol)}"
    Error: undefined symbol in: "mc(621.5,[tol])"
Questionable use of curly braces in "r2 n003 n010 {mc(1000,tol)}"
    Error: undefined symbol in: "mc(1000,[tol])"
LTspice 24.0.9 for Windows
Circuit: * C:\Users\lisan\Facultad\Afiles\5° año - 2° cuatrimestre\Sintesis de Redes\tp5\simulaciones\simulaciones.asc
Start Time: Sat May  2 20:17:28 2026
